=============================
Time =  7.282369375228882
Time again =  247.1807942390442
103.50002218712963 Rabi Splitting
[0.78505518] Rates
